
> web@0.1.0 build
> vue-cli-service build

Browserslist: browsers data (caniuse-lite) is 12 months old. Please run:
  npx update-browserslist-db@latest
  Why you should do it regularly: https://github.com/browserslist/update-db#readme
All browser targets in the browserslist configuration have supported ES module.
Therefore we don't build two separate bundles for differential loading.


-  Building for production...
Browserslist: browsers data (caniuse-lite) is 12 months old. Please run:
  npx update-browserslist-db@latest
  Why you should do it regularly: https://github.com/browserslist/update-db#readme
Browserslist: browsers data (caniuse-lite) is 12 months old. Please run:
  npx update-browserslist-db@latest
  Why you should do it regularly: https://github.com/browserslist/update-db#readme
Browserslist: browsers data (caniuse-lite) is 12 months old. Please run:
  npx update-browserslist-db@latest
  Why you should do it regularly: https://github.com/browserslist/update-db#readme
Browserslist: browsers data (caniuse-lite) is 12 months old. Please run:
  npx update-browserslist-db@latest
  Why you should do it regularly: https://github.com/browserslist/update-db#readme
Browserslist: browsers data (caniuse-lite) is 12 months old. Please run:
  npx update-browserslist-db@latest
  Why you should do it regularly: https://github.com/browserslist/update-db#readme
Browserslist: browsers data (caniuse-lite) is 12 months old. Please run:
  npx update-browserslist-db@latest
  Why you should do it regularly: https://github.com/browserslist/update-db#readme
Browserslist: browsers data (caniuse-lite) is 12 months old. Please run:
  npx update-browserslist-db@latest
  Why you should do it regularly: https://github.com/browserslist/update-db#readme
Browserslist: browsers data (caniuse-lite) is 12 months old. Please run:
  npx update-browserslist-db@latest
  Why you should do it regularly: https://github.com/browserslist/update-db#readme
Browserslist: browsers data (caniuse-lite) is 12 months old. Please run:
  npx update-browserslist-db@latest
  Why you should do it regularly: https://github.com/browserslist/update-db#readme
Browserslist: browsers data (caniuse-lite) is 12 months old. Please run:
  npx update-browserslist-db@latest
  Why you should do it regularly: https://github.com/browserslist/update-db#readme
Browserslist: browsers data (caniuse-lite) is 12 months old. Please run:
  npx update-browserslist-db@latest
  Why you should do it regularly: https://github.com/browserslist/update-db#readme
Browserslist: browsers data (caniuse-lite) is 12 months old. Please run:
  npx update-browserslist-db@latest
  Why you should do it regularly: https://github.com/browserslist/update-db#readme
Browserslist: browsers data (caniuse-lite) is 12 months old. Please run:
  npx update-browserslist-db@latest
  Why you should do it regularly: https://github.com/browserslist/update-db#readme
Browserslist: browsers data (caniuse-lite) is 12 months old. Please run:
  npx update-browserslist-db@latest
  Why you should do it regularly: https://github.com/browserslist/update-db#readme
Browserslist: browsers data (caniuse-lite) is 12 months old. Please run:
  npx update-browserslist-db@latest
  Why you should do it regularly: https://github.com/browserslist/update-db#readme
Browserslist: browsers data (caniuse-lite) is 12 months old. Please run:
  npx update-browserslist-db@latest
  Why you should do it regularly: https://github.com/browserslist/update-db#readme
Browserslist: browsers data (caniuse-lite) is 12 months old. Please run:
  npx update-browserslist-db@latest
  Why you should do it regularly: https://github.com/browserslist/update-db#readme
 ERROR  Failed to compile with 1 error22:01:23


C:\semaphore\web\src\views\project\Templates.vue
  265:1  error  Dependency cycle via @/lib/apiClient:1=>@/router:13  import/no-cycle

✖ 1 problem (1 error, 0 warnings)


You may use special comments to disable some warnings.
Use // eslint-disable-next-line to ignore the next line.
Use /* eslint-disable */ to ignore all warnings in a file.
 ERROR  Error: Build failed with errors.
Error: Build failed with errors.
    at C:\semaphore\web\node_modules\@vue\cli-service\lib\commands\build\index.js:207:23
    at C:\semaphore\web\node_modules\webpack\lib\webpack.js:168:8
    at C:\semaphore\web\node_modules\webpack\lib\HookWebpackError.js:67:2
    at Hook.eval [as callAsync] (eval at create (C:\semaphore\web\node_modules\webpack\node_modules\tapable\lib\HookCodeFactory.js:33:10), <anonymous>:6:1)
    at Hook.CALL_ASYNC_DELEGATE [as _callAsync] (C:\semaphore\web\node_modules\webpack\node_modules\tapable\lib\Hook.js:18:14)
    at Cache.shutdown (C:\semaphore\web\node_modules\webpack\lib\Cache.js:154:23)
    at C:\semaphore\web\node_modules\webpack\lib\Compiler.js:1377:15
    at Hook.eval [as callAsync] (eval at create (C:\semaphore\web\node_modules\webpack\node_modules\tapable\lib\HookCodeFactory.js:33:10), <anonymous>:6:1)
    at Hook.CALL_ASYNC_DELEGATE [as _callAsync] (C:\semaphore\web\node_modules\webpack\node_modules\tapable\lib\Hook.js:18:14)
    at Compiler.close (C:\semaphore\web\node_modules\webpack\lib\Compiler.js:1370:23)
    at C:\semaphore\web\node_modules\webpack\lib\webpack.js:167:16
    at finalCallback (C:\semaphore\web\node_modules\webpack\lib\Compiler.js:498:32)
    at C:\semaphore\web\node_modules\webpack\lib\Compiler.js:522:13
    at Hook.eval [as callAsync] (eval at create (C:\semaphore\web\node_modules\webpack\node_modules\tapable\lib\HookCodeFactory.js:33:10), <anonymous>:24:1)
    at Hook.CALL_ASYNC_DELEGATE [as _callAsync] (C:\semaphore\web\node_modules\webpack\node_modules\tapable\lib\Hook.js:18:14)
    at onCompiled (C:\semaphore\web\node_modules\webpack\lib\Compiler.js:520:21)
    at C:\semaphore\web\node_modules\webpack\lib\Compiler.js:1348:17
    at Hook.eval [as callAsync] (eval at create (C:\semaphore\web\node_modules\webpack\node_modules\tapable\lib\HookCodeFactory.js:33:10), <anonymous>:6:1)
    at Hook.CALL_ASYNC_DELEGATE [as _callAsync] (C:\semaphore\web\node_modules\webpack\node_modules\tapable\lib\Hook.js:18:14)
    at C:\semaphore\web\node_modules\webpack\lib\Compiler.js:1344:33
    at finalCallback (C:\semaphore\web\node_modules\webpack\lib\Compilation.js:2925:11)
    at C:\semaphore\web\node_modules\webpack\lib\Compilation.js:3238:11
    at Hook.eval [as callAsync] (eval at create (C:\semaphore\web\node_modules\webpack\node_modules\tapable\lib\HookCodeFactory.js:33:10), <anonymous>:6:1)
    at Hook.CALL_ASYNC_DELEGATE [as _callAsync] (C:\semaphore\web\node_modules\webpack\node_modules\tapable\lib\Hook.js:18:14)
    at C:\semaphore\web\node_modules\webpack\lib\Compilation.js:3231:38
    at eval (eval at create (C:\semaphore\web\node_modules\webpack\node_modules\tapable\lib\HookCodeFactory.js:33:10), <anonymous>:15:1)
    at eval (eval at create (C:\semaphore\web\node_modules\webpack\node_modules\tapable\lib\HookCodeFactory.js:33:10), <anonymous>:14:1)
    at process.processTicksAndRejections (node:internal/process/task_queues:105:5)
